[INFO][AppLauncher]: Using device: cuda:0
[INFO][AppLauncher]: Loading experience file: /home/zxro/ant_rl_submission/apps/isaaclab.python.headless.kit
Loading user config located at: '/home/zxro/miniforge3/envs/lerobot-arena/lib/python3.11/site-packages/isaacsim/kit/data/Kit/Isaac-Sim/5.1/user.config.json'
[Info] [carb] Logging to file: /home/zxro/miniforge3/envs/lerobot-arena/lib/python3.11/site-packages/isaacsim/kit/logs/Kit/Isaac-Sim/5.1/kit_20261006_170836.log
2026-10-06T08:08:36Z [2ms] [Warning] [omni.ext.plugin] [ext: ant] Extensions config 'extension.toml' doesn't exist '/home/zxro/ant_rl_submission/source/ant' or '/home/zxro/ant_rl_submission/source/ant/config'
2026-10-06T08:08:36Z [47ms] [Error] [omni.datastore] Failed to acquire exclusive lock to data store (256>=256)
2026-10-06T08:08:36Z [47ms] [Error] [omni.datastore] Failed to create local file data store at '/home/zxro/miniforge3/envs/lerobot-arena/lib/python3.11/site-packages/isaacsim/kit/cache/DerivedDataCache'
2026-10-06T08:08:36Z [56ms] [Warning] [omni.usd_config.extension] Enable omni.materialx.libs extension to use MaterialX
2026-10-06T08:08:36Z [212ms] [Warning] [omni.platforminfo.plugin] failed to open the default display.  Can't verify X Server version.
2026-10-06T08:08:37Z [324ms] [Warning] [carb] Acquiring non optional plugin interface which is not listed as dependency: [omni::physx::IPhysxBenchmarks v1.0] (plugin: <default plugin>), by client: omni.physics.physx.plugin. Add it to CARB_PLUGIN_IMPL_DEPS() macro of a client.
2026-10-06T08:08:37Z [427ms] [Warning] [omni.isaac.dynamic_control] omni.isaac.dynamic_control is deprecated as of Isaac Sim 4.5. No action is needed from end-users.
2026-10-06T08:08:37Z [433ms] [Error] [omni.physx.tensors.plugin] CUDA error: no CUDA-capable device is detected: ../../../extensions/runtime/source/omni.physx.tensors/plugins/gpu/CudaCommon.h: 111
2026-10-06T08:08:37Z [433ms] [Error] [omni.physx.tensors.plugin] Failed to create primary CUDA context
Warp CUDA error 100: no CUDA-capable device is detected (in function init_cuda_driver, /builds/omniverse/warp/warp/native/cuda_util.cpp:266)
Warp CUDA error 3: initialization error (in function cuda_device_get_count, /builds/omniverse/warp/warp/native/warp.cu:1769)
2026-10-06T08:08:39Z [3,035ms] [Error] [omni.gpucompute-cuda.plugin] CUDA error in createContext: no CUDA-capable device is detected: ../../../source/plugins/omni.gpucompute-cuda/GpuCompute-Cuda.cpp: 179 (device -533863280)
2026-10-06T08:08:39Z [3,057ms] [Error] [carb.cudainterop.plugin] Could not initialize NVML: return code 9 (NVML_ERROR_DRIVER_NOT_LOADED: NVIDIA driver is not loaded.)
2026-10-06T08:08:39Z [3,060ms] [Error] [carb.cudainterop.plugin] Could not initialize NVML: return code 9 (NVML_ERROR_DRIVER_NOT_LOADED: NVIDIA driver is not loaded.)

|---------------------------------------------------------------------------------------------|
| Driver Version: 0             | Graphics API: Vulkan
|=============================================================================================|
| GPU | Name                             | Active | LDA | GPU Memory | Vendor-ID | LUID       |
|     |                                  |        |     |            | Device-ID | UUID       |
|     |                                  |        |     |            | Bus-ID    |            |
|=============================================================================================|
| OS: 22.04.5 LTS (Jammy Jellyfish) ubuntu, Version: 22.04.5, Kernel: 6.8.0-138-generic
| Processor: Intel(R) Core(TM) Ultra 7 265K
| Cores: 20 | Logical Cores: 20
|---------------------------------------------------------------------------------------------|
| Total Memory (MB): 63562 | Free Memory: 46520
| Total Page/Swap (MB): 2047 | Free Page/Swap: 2044
|---------------------------------------------------------------------------------------------|
2026-10-06T08:08:40Z [3,537ms] [Error] [gpu.foundation.plugin] No device could be created. Some known system issues:
- The driver is not installed properly and requires a clean re-install.
- Your GPUs do not support RayTracing: DXR or Vulkan ray_tracing, or hardware is excluded due to performance.
- The driver cannot enumerate any GPU: driver, display, TCC mode or a docker issue. For Vulkan, test it with Vulkaninfo tool from Vulkan SDK, instead of nvidia-smi.
- For Ubuntu, it requires server-xorg-core 1.20.7+ and a display to work without --no-window.
- For Linux dockers, the setup is not complete. Install the latest driver, xServer and NVIDIA container runtime.

2026-10-06T08:08:40Z [3,538ms] [Error] [gpu.foundation.plugin] Invalid getDeviceInfo parameters.
2026-10-06T08:08:40Z [3,538ms] [Warning] [omni.physx.foundation.plugin] PhysXFoundation: Couldn't get driver version, failed to getDeviceInfo
2026-10-06T08:08:40Z [3,538ms] [Warning] [omni.physx.foundation.plugin] PhysXFoundation: Unable to get IGpuFoundation, GpuDevices or Graphics!
2026-10-06T08:08:40Z [3,539ms] [Error] [carb.cudainterop.plugin] CUDA error 100: cudaErrorNoDevice - no CUDA-capable device is detected)
2026-10-06T08:08:40Z [3,539ms] [Error] [carb.cudainterop.plugin] Failed to get the CUDA device.
2026-10-06T08:08:40Z [3,539ms] [Error] [carb.cudainterop.plugin] CUDA error 100: cudaErrorNoDevice - no CUDA-capable device is detected)
2026-10-06T08:08:40Z [3,539ms] [Error] [carb.cudainterop.plugin] Failed to set the CUDA device: 0
2026-10-06T08:08:40Z [3,539ms] [Error] [omni.physx.plugin] No CUDA devices found
2026-10-06T08:08:40Z [3,539ms] [Error] [omni.physx.plugin] Unable to create PxCudaContextManager!
2026-10-06T08:08:40Z [3,540ms] [Warning] [omni.kvdb.plugin] Disabling key-value database because another kit process is locking it
PRETRAINING CONFIG PASS: 59-D native Baseline, identical environment/PPO/budget
