# Executed: initial attempt (app shutdown hung; diagnostics added)
ISAAC_SIM_SITE_PACKAGES=/home/zxro/anaconda3/envs/env_isaaclab/lib/python3.11/site-packages PYTHONDONTWRITEBYTECODE=1 CONDA_PREFIX=/home/zxro/anaconda3/envs/env_isaaclab_231 /home/zxro/anaconda3/envs/env_isaaclab_231/bin/python -u scripts/observation_ablation.py smoke --headless --output experiments/observation_ablation/heightscan/smoke > /tmp/ablation_heightscan_smoke.log 2>&1
# Initial output preserved as smoke_attempt_01
# Executed: second attempt
ISAAC_SIM_SITE_PACKAGES=/home/zxro/anaconda3/envs/env_isaaclab/lib/python3.11/site-packages PYTHONDONTWRITEBYTECODE=1 CONDA_PREFIX=/home/zxro/anaconda3/envs/env_isaaclab_231 /home/zxro/anaconda3/envs/env_isaaclab_231/bin/python -u scripts/observation_ablation.py smoke --headless --output experiments/observation_ablation/heightscan/smoke > /tmp/ablation_heightscan_smoke_02.log 2>&1
# Planned only; execute after smoke PASS
ISAAC_SIM_SITE_PACKAGES=/home/zxro/anaconda3/envs/env_isaaclab/lib/python3.11/site-packages PYTHONDONTWRITEBYTECODE=1 CONDA_PREFIX=/home/zxro/anaconda3/envs/env_isaaclab_231 /home/zxro/anaconda3/envs/env_isaaclab_231/bin/python -u scripts/observation_ablation.py train --headless --output logs/rsl_rl/observation_ablation/ablation_heightscan_stock_s42
ISAAC_SIM_SITE_PACKAGES=/home/zxro/anaconda3/envs/env_isaaclab/lib/python3.11/site-packages PYTHONDONTWRITEBYTECODE=1 CONDA_PREFIX=/home/zxro/anaconda3/envs/env_isaaclab_231 /home/zxro/anaconda3/envs/env_isaaclab_231/bin/python -u scripts/observation_ablation.py evaluate --headless --checkpoint logs/rsl_rl/observation_ablation/ablation_heightscan_stock_s42/best_model.pt --output experiments/observation_ablation/heightscan/results
# Executed: attempt 03; terminal record dtype corrected next
ISAAC_SIM_SITE_PACKAGES=/home/zxro/anaconda3/envs/env_isaaclab/lib/python3.11/site-packages PYTHONDONTWRITEBYTECODE=1 CONDA_PREFIX=/home/zxro/anaconda3/envs/env_isaaclab_231 /home/zxro/anaconda3/envs/env_isaaclab_231/bin/python -u scripts/observation_ablation.py smoke --headless --output experiments/observation_ablation/heightscan/smoke > /tmp/ablation_heightscan_smoke_03.log 2>&1
# Executed: attempt 04; PASS, exit code 0
ISAAC_SIM_SITE_PACKAGES=/home/zxro/anaconda3/envs/env_isaaclab/lib/python3.11/site-packages PYTHONDONTWRITEBYTECODE=1 CONDA_PREFIX=/home/zxro/anaconda3/envs/env_isaaclab_231 /home/zxro/anaconda3/envs/env_isaaclab_231/bin/python -u scripts/observation_ablation.py smoke --headless --output experiments/observation_ablation/heightscan/smoke > /tmp/ablation_heightscan_smoke_04.log 2>&1
# Executed after smoke PASS and source commit 9fb0c87
ISAAC_SIM_SITE_PACKAGES=/home/zxro/anaconda3/envs/env_isaaclab/lib/python3.11/site-packages PYTHONDONTWRITEBYTECODE=1 CONDA_PREFIX=/home/zxro/anaconda3/envs/env_isaaclab_231 /home/zxro/anaconda3/envs/env_isaaclab_231/bin/python -u scripts/observation_ablation.py train --headless --output logs/rsl_rl/observation_ablation/ablation_heightscan_stock_s42 > /tmp/ablation_heightscan_train.log 2>&1
# Executed: training complete, selected best_model iteration4911 before evaluation
ISAAC_SIM_SITE_PACKAGES=/home/zxro/anaconda3/envs/env_isaaclab/lib/python3.11/site-packages PYTHONDONTWRITEBYTECODE=1 CONDA_PREFIX=/home/zxro/anaconda3/envs/env_isaaclab_231 /home/zxro/anaconda3/envs/env_isaaclab_231/bin/python -u scripts/observation_ablation.py evaluate --headless --checkpoint logs/rsl_rl/observation_ablation/ablation_heightscan_stock_s42/best_model.pt --output experiments/observation_ablation/heightscan/results > /tmp/ablation_heightscan_evaluate.log 2>&1
# Executed after diagnostic-only correction: canonical raw no-hit Inf -> clipped -1 unchanged
ISAAC_SIM_SITE_PACKAGES=/home/zxro/anaconda3/envs/env_isaaclab/lib/python3.11/site-packages PYTHONDONTWRITEBYTECODE=1 CONDA_PREFIX=/home/zxro/anaconda3/envs/env_isaaclab_231 /home/zxro/anaconda3/envs/env_isaaclab_231/bin/python -u scripts/observation_ablation.py smoke --headless --output experiments/observation_ablation/heightscan/smoke > /tmp/ablation_heightscan_smoke_final.log 2>&1
# Executed after diagnostic-only correction: canonical raw no-hit Inf -> clipped -1 unchanged
ISAAC_SIM_SITE_PACKAGES=/home/zxro/anaconda3/envs/env_isaaclab/lib/python3.11/site-packages PYTHONDONTWRITEBYTECODE=1 CONDA_PREFIX=/home/zxro/anaconda3/envs/env_isaaclab_231 /home/zxro/anaconda3/envs/env_isaaclab_231/bin/python -u scripts/observation_ablation.py evaluate --headless --checkpoint logs/rsl_rl/observation_ablation/ablation_heightscan_stock_s42/best_model.pt --output experiments/observation_ablation/heightscan/results > /tmp/ablation_heightscan_evaluate_final.log 2>&1
# Executed: compact report generation and protected artifact validation
PYTHONDONTWRITEBYTECODE=1 /home/zxro/anaconda3/envs/env_isaaclab_231/bin/python scripts/finalize_observation_ablation.py
# Formatting only: CSV CRLF -> LF and log trailing whitespace removed; numerical results unchanged
PYTHONDONTWRITEBYTECODE=1 /home/zxro/anaconda3/envs/env_isaaclab_231/bin/python scripts/finalize_observation_ablation.py
