[INFO][AppLauncher]: Using device: cuda:0
[INFO][AppLauncher]: Loading experience file: /home/zxro/IsaacLab_RS/apps/isaaclab.python.headless.kit
[Warning] [simulation_app.simulation_app] Modules: ['omni.kit_app'] were loaded before SimulationApp was started and might not be loaded correctly.
[Warning] [simulation_app.simulation_app] Please check to make sure no extra omniverse or pxr modules are imported before the call to SimulationApp(...)
Loading user config located at: '/home/zxro/anaconda3/envs/env_isaaclab/lib/python3.11/site-packages/omni/data/Kit/Isaac-Sim/5.1/user.config.json'
[Info] [carb] Logging to file: /home/zxro/anaconda3/envs/env_isaaclab/lib/python3.11/site-packages/omni/logs/Kit/Isaac-Sim/5.1/kit_20261005_194856.log
2026-10-05T10:48:56Z [56ms] [Warning] [omni.usd_config.extension] Enable omni.materialx.libs extension to use MaterialX
2026-10-05T10:48:57Z [409ms] [Warning] [omni.isaac.dynamic_control] omni.isaac.dynamic_control is deprecated as of Isaac Sim 4.5. No action is needed from end-users.
MESA: warning: Driver does not support the 0x7d67 PCI ID.
MESA: warning: Driver does not support the 0x7d67 PCI ID.

|---------------------------------------------------------------------------------------------|
| Driver Version: 570.211.01    | Graphics API: Vulkan
|=============================================================================================|
| GPU | Name                             | Active | LDA | GPU Memory | Vendor-ID | LUID       |
|     |                                  |        |     |            | Device-ID | UUID       |
|     |                                  |        |     |            | Bus-ID    |            |
|---------------------------------------------------------------------------------------------|
| 0   | NVIDIA GeForce RTX 5070 Ti       | Yes: 0 |     | 16303   MB | 10de      | 0          |
|     |                                  |        |     |            | 2c05      | 995e9a97.. |
|     |                                  |        |     |            | 2         |            |
|=============================================================================================|
| OS: 22.04.5 LTS (Jammy Jellyfish) ubuntu, Version: 22.04.5, Kernel: 6.8.0-138-generic
| XServer Vendor: The X.Org Foundation, XServer Version: 12101004 (1.21.1.4)
| Processor: Intel(R) Core(TM) Ultra 7 265K
| Cores: 20 | Logical Cores: 20
|---------------------------------------------------------------------------------------------|
| Total Memory (MB): 63562 | Free Memory: 44587
| Total Page/Swap (MB): 2047 | Free Page/Swap: 2044
|---------------------------------------------------------------------------------------------|
2026-10-05T10:49:00Z [3,955ms] [Warning] [gpu.foundation.plugin] CPU performance profile is set to powersave. This profile sets the CPU to the lowest frequency reducing performance.
2026-10-05T10:49:00Z [3,961ms] [Warning] [gpu.foundation.plugin] IOMMU is enabled.
2026-10-05T10:49:00Z [3,983ms] [Warning] [omni.kvdb.plugin] Disabling key-value database because another kit process is locking it
Setting seed: 24
[INFO]: Base environment:
	Environment device    : cuda:0
	Environment seed      : 24
	Physics step-size     : 0.008333333333333333
	Rendering step-size   : 0.016666666666666666
	Environment step-size : 0.016666666666666666
[INFO] Generating terrains randomly took : 1.481189 seconds
[INFO]: Time taken for scene creation : 3.128436 seconds
[INFO]: Scene manager:  <class InteractiveScene>
	Number of environments: 4
	Environment spacing   : 5.0
	Source prim name      : /World/envs/env_0
	Global prim paths     : ['/World/ground']
	Replicate physics     : True
[INFO]: Starting the simulation. This may take a few seconds. Please wait...
2026-10-05T10:49:04Z [8,087ms] [Warning] [omni.physx.plugin] Damping attribute is unsupported for articulation joints and will be ignored (/World/envs/env_0/Robot/joints/front_left_leg).
2026-10-05T10:49:04Z [8,087ms] [Warning] [omni.physx.plugin] Damping attribute is unsupported for articulation joints and will be ignored (/World/envs/env_0/Robot/joints/front_left_foot).
2026-10-05T10:49:04Z [8,087ms] [Warning] [omni.physx.plugin] Damping attribute is unsupported for articulation joints and will be ignored (/World/envs/env_0/Robot/joints/front_right_leg).
2026-10-05T10:49:04Z [8,087ms] [Warning] [omni.physx.plugin] Damping attribute is unsupported for articulation joints and will be ignored (/World/envs/env_0/Robot/joints/front_right_foot).
2026-10-05T10:49:04Z [8,087ms] [Warning] [omni.physx.plugin] Damping attribute is unsupported for articulation joints and will be ignored (/World/envs/env_0/Robot/joints/left_back_leg).
2026-10-05T10:49:04Z [8,087ms] [Warning] [omni.physx.plugin] Damping attribute is unsupported for articulation joints and will be ignored (/World/envs/env_0/Robot/joints/left_back_foot).
2026-10-05T10:49:04Z [8,087ms] [Warning] [omni.physx.plugin] Damping attribute is unsupported for articulation joints and will be ignored (/World/envs/env_0/Robot/joints/right_back_leg).
2026-10-05T10:49:04Z [8,087ms] [Warning] [omni.physx.plugin] Damping attribute is unsupported for articulation joints and will be ignored (/World/envs/env_0/Robot/joints/right_back_foot).
2026-10-05T10:49:04Z [8,087ms] [Warning] [omni.physx.plugin] Damping attribute is unsupported for articulation joints and will be ignored (/World/envs/env_0/Robot/joints/front_right_leg).
2026-10-05T10:49:04Z [8,087ms] [Warning] [omni.physx.plugin] Damping attribute is unsupported for articulation joints and will be ignored (/World/envs/env_0/Robot/joints/front_right_foot).
2026-10-05T10:49:04Z [8,087ms] [Warning] [omni.physx.plugin] Damping attribute is unsupported for articulation joints and will be ignored (/World/envs/env_0/Robot/joints/left_back_leg).
2026-10-05T10:49:04Z [8,087ms] [Warning] [omni.physx.plugin] Damping attribute is unsupported for articulation joints and will be ignored (/World/envs/env_0/Robot/joints/left_back_foot).
2026-10-05T10:49:04Z [8,087ms] [Warning] [omni.physx.plugin] Damping attribute is unsupported for articulation joints and will be ignored (/World/envs/env_0/Robot/joints/right_back_leg).
2026-10-05T10:49:04Z [8,087ms] [Warning] [omni.physx.plugin] Damping attribute is unsupported for articulation joints and will be ignored (/World/envs/env_0/Robot/joints/right_back_foot).
2026-10-05T10:49:04Z [8,087ms] [Warning] [omni.physx.plugin] Damping attribute is unsupported for articulation joints and will be ignored (/World/envs/env_0/Robot/joints/front_right_leg).
2026-10-05T10:49:04Z [8,087ms] [Warning] [omni.physx.plugin] Damping attribute is unsupported for articulation joints and will be ignored (/World/envs/env_0/Robot/joints/front_right_foot).
2026-10-05T10:49:04Z [8,087ms] [Warning] [omni.physx.plugin] Damping attribute is unsupported for articulation joints and will be ignored (/World/envs/env_0/Robot/joints/left_back_leg).
2026-10-05T10:49:04Z [8,087ms] [Warning] [omni.physx.plugin] Damping attribute is unsupported for articulation joints and will be ignored (/World/envs/env_0/Robot/joints/left_back_foot).
2026-10-05T10:49:04Z [8,087ms] [Warning] [omni.physx.plugin] Damping attribute is unsupported for articulation joints and will be ignored (/World/envs/env_0/Robot/joints/right_back_leg).
2026-10-05T10:49:04Z [8,087ms] [Warning] [omni.physx.plugin] Damping attribute is unsupported for articulation joints and will be ignored (/World/envs/env_0/Robot/joints/right_back_foot).
2026-10-05T10:49:04Z [8,087ms] [Warning] [omni.physx.plugin] Damping attribute is unsupported for articulation joints and will be ignored (/World/envs/env_0/Robot/joints/left_back_leg).
2026-10-05T10:49:04Z [8,087ms] [Warning] [omni.physx.plugin] Damping attribute is unsupported for articulation joints and will be ignored (/World/envs/env_0/Robot/joints/left_back_foot).
2026-10-05T10:49:04Z [8,087ms] [Warning] [omni.physx.plugin] Damping attribute is unsupported for articulation joints and will be ignored (/World/envs/env_0/Robot/joints/right_back_leg).
2026-10-05T10:49:04Z [8,087ms] [Warning] [omni.physx.plugin] Damping attribute is unsupported for articulation joints and will be ignored (/World/envs/env_0/Robot/joints/right_back_foot).
2026-10-05T10:49:04Z [8,087ms] [Warning] [omni.physx.plugin] Damping attribute is unsupported for articulation joints and will be ignored (/World/envs/env_0/Robot/joints/left_back_leg).
2026-10-05T10:49:04Z [8,087ms] [Warning] [omni.physx.plugin] Damping attribute is unsupported for articulation joints and will be ignored (/World/envs/env_0/Robot/joints/left_back_foot).
2026-10-05T10:49:04Z [8,087ms] [Warning] [omni.physx.plugin] Damping attribute is unsupported for articulation joints and will be ignored (/World/envs/env_0/Robot/joints/right_back_leg).
2026-10-05T10:49:04Z [8,087ms] [Warning] [omni.physx.plugin] Damping attribute is unsupported for articulation joints and will be ignored (/World/envs/env_0/Robot/joints/right_back_foot).
2026-10-05T10:49:04Z [8,087ms] [Warning] [omni.physx.plugin] Damping attribute is unsupported for articulation joints and will be ignored (/World/envs/env_0/Robot/joints/right_back_leg).
2026-10-05T10:49:04Z [8,087ms] [Warning] [omni.physx.plugin] Damping attribute is unsupported for articulation joints and will be ignored (/World/envs/env_0/Robot/joints/right_back_foot).
2026-10-05T10:49:04Z [8,087ms] [Warning] [omni.physx.plugin] Damping attribute is unsupported for articulation joints and will be ignored (/World/envs/env_0/Robot/joints/right_back_leg).
2026-10-05T10:49:04Z [8,087ms] [Warning] [omni.physx.plugin] Damping attribute is unsupported for articulation joints and will be ignored (/World/envs/env_0/Robot/joints/right_back_foot).
2026-10-05T10:49:05Z [8,445ms] [Warning] [omni.physx.fabric.plugin] FabricManager::initializePointInstancer mismatched prototypes on point instancer: /Visuals/ContactSensor.
[INFO]: Time taken for simulation start : 0.940301 seconds
[INFO] Command Manager:  <CommandManager> contains 0 active terms.
+------------------------+
|  Active Command Terms  |
+--------+-------+-------+
| Index  | Name  |  Type |
+--------+-------+-------+
+--------+-------+-------+

[INFO] Event Manager:  <EventManager> contains 2 active terms.
+-------------------------------------+
| Active Event Terms in Mode: 'reset' |
+---------+---------------------------+
|  Index  | Name                      |
+---------+---------------------------+
|    0    | reset_base                |
|    1    | reset_robot_joints        |
+---------+---------------------------+
+-------------------------------------+
| Active Event Terms in Mode: 'startup' |
+----------+--------------------------+
|  Index   | Name                     |
+----------+--------------------------+
|    0     | random_friction          |
+----------+--------------------------+

[INFO] Recorder Manager:  <RecorderManager> contains 0 active terms.
+---------------------+
| Active Recorder Terms |
+-----------+---------+
|   Index   | Name    |
+-----------+---------+
+-----------+---------+

[INFO] Action Manager:  <ActionManager> contains 1 active terms.
+----------------------------------+
|  Active Action Terms (shape: 8)  |
+-------+--------------+-----------+
| Index | Name         | Dimension |
+-------+--------------+-----------+
|   0   | joint_effort |         8 |
+-------+--------------+-----------+

[INFO] Observation Manager: <ObservationManager> contains 1 groups.
+------------------------------------------------------------+
| Active Observation Terms in Group: 'policy' (shape: (126,)) |
+-----------+------------------------------------+-----------+
|   Index   | Name                               |   Shape   |
+-----------+------------------------------------+-----------+
|     0     | base_lin_vel                       |    (3,)   |
|     1     | base_ang_vel                       |    (3,)   |
|     2     | base_yaw_roll                      |    (2,)   |
|     3     | base_angle_to_target               |    (1,)   |
|     4     | base_up_proj                       |    (1,)   |
|     5     | base_heading_proj                  |    (1,)   |
|     6     | joint_pos_norm                     |    (8,)   |
|     7     | joint_vel_rel                      |    (8,)   |
|     8     | feet_body_forces                   |   (24,)   |
|     9     | actions                            |    (8,)   |
|     10    | height_scan                        |   (63,)   |
|     11    | foot_contacts                      |    (4,)   |
+-----------+------------------------------------+-----------+

[INFO] Termination Manager:  <TerminationManager> contains 2 active terms.
+--------------------------------+
|    Active Termination Terms    |
+-------+-------------+----------+
| Index | Name        | Time Out |
+-------+-------------+----------+
|   0   | time_out    |   True   |
|   1   | body_z_down |  False   |
+-------+-------------+----------+

[INFO] Reward Manager:  <RewardManager> contains 1 active terms.
+-------------------------------+
|      Active Reward Terms      |
+-------+--------------+--------+
| Index | Name         | Weight |
+-------+--------------+--------+
|   0   | total_reward |    1.0 |
+-------+--------------+--------+

[INFO] Curriculum Manager:  <CurriculumManager> contains 0 active terms.
+----------------------+
| Active Curriculum Terms |
+-----------+----------+
|   Index   | Name     |
+-----------+----------+
+-----------+----------+

[INFO]: Completed setting up the environment...
<RewardManager> contains 1 active terms.
+-------------------------------+
|      Active Reward Terms      |
+-------+--------------+--------+
| Index | Name         | Weight |
+-------+--------------+--------+
|   0   | total_reward |    1.0 |
+-------+--------------+--------+

[{"env_id": 0, "terrain_row": 14, "terrain_column": 0, "origin": [45.0, -45.0, 0.6334189176559448], "scan_min": -1.1920928955078125e-07, "scan_max": 0.1863020658493042, "scan_mean": 0.09521984308958054}, {"env_id": 1, "terrain_row": 3, "terrain_column": 2, "origin": [-65.0, -25.0, 0.4399999976158142], "scan_min": -2.4437904357910156e-06, "scan_max": 0.11999839544296265, "scan_mean": 0.03285593539476395}, {"env_id": 2, "terrain_row": 8, "terrain_column": 4, "origin": [-15.0, -5.0, -1.1579716205596924], "scan_min": -0.34058117866516113, "scan_max": 7.152557373046875e-07, "scan_mean": -0.1946176141500473}, {"env_id": 3, "terrain_row": 10, "terrain_column": 7, "origin": [5.0, 25.0, 0.5899999737739563], "scan_min": -2.1457672119140625e-06, "scan_max": 0.15999960899353027, "scan_mean": 0.0444442555308342}]
[PROGRESS] 120: 1/4 first episodes complete
